============================= test session starts =============================
platform win32 -- Python 3.12.9, pytest-9.0.2, pluggy-1.6.0 -- D:\github\BCor\.venv\Scripts\python.exe
cachedir: .pytest_cache
rootdir: D:\github\BCor
configfile: pyproject.toml
plugins: anyio-4.12.1, asyncio-1.3.0, returns-0.26.0
asyncio: mode=Mode.STRICT, debug=False, asyncio_default_fixture_loop_scope=None, asyncio_default_test_loop_scope=function
collecting ... collected 1 item

2026-03-23 12:13:47.466 | INFO     | src.core.system:start:179 - System starting...
2026-03-23 12:13:47.466 | INFO     | src.core.system:start:183 - System started
